// Jest Snapshot v1, https://goo.gl/fbAQLP

exports[`renders correctly 1`] = `
<Text
  accessible={true}
  allowFontScaling={true}
  ellipsizeMode="tail"
>
  List of products go here for 
  Home Decor
</Text>
`;
