// Jest Snapshot v1, https://goo.gl/fbAQLP

exports[`renders successfully 1`] = `
<RCTScrollView
  dataSource={
    ListViewDataSource {
      "items": 0,
    }
  }
  renderRow={[Function]}
  renderScrollComponent={[Function]}
>
  <View />
</RCTScrollView>
`;
