// Jest Snapshot v1, https://goo.gl/fbAQLP

exports[`renders correctly 1`] = `
<View
  style={
    Array [
      Object {
        "alignSelf": "flex-start",
        "borderColor": "red",
        "borderWidth": 1,
      },
      undefined,
    ]
  }
>
  <View>
    <View
      style={
        Array [
          Object {
            "alignSelf": "flex-start",
            "borderColor": "red",
            "borderWidth": 1,
          },
          Object {
            "backgroundColor": "dodgerblue",
            "height": 56,
          },
        ]
      }
    />
  </View>
</View>
`;
