// Jest Snapshot v1, https://goo.gl/fbAQLP

exports[`renders correctly 1`] = `
<View
  style={
    Array [
      Object {
        "alignSelf": "flex-start",
        "borderColor": "red",
        "borderWidth": 1,
      },
      undefined,
    ]
  }
>
  <View>
    <Icon.ToolbarAndroid
      navIconName="bars"
      onIconClicked={[Function]}
      style={
        Object {
          "backgroundColor": "dodgerblue",
          "height": 56,
        }
      }
      title=""
      titleColor="white"
    />
  </View>
</View>
`;
